Testing fchmodat to make file read-only...
fchmodat test PASSED - file is now read-only
Testing fchmodat with AT_FDCWD...
fchmodat with AT_FDCWD test PASSED - file is now writable
All fchmodat tests PASSED
